
running 13 tests
test from_env_fails_closed_when_appdata_missing ... ok
test from_env_fails_closed_when_test_root_missing ... ok
test arbitrary_user_dir_as_fixture_root_rejected ... ok
test fixture_root_must_exist ... ok
test external_caller_cannot_inject_synthetic_roots ... ok
test from_env_fails_closed_when_localappdata_missing ... ok
test disk_root_as_fixture_root_rejected ... ok
test no_hidden_bypass_via_env_var ... ok
test parent_dir_escape_rejected ... ok
test write_target_inside_fixture_root_accepted ... ok
test default_work_cn_directory_rejected ... ok
test default_work_cn_path_rejected ... ok
test write_target_outside_fixture_root_rejected ... ok

test result: ok. 13 passed; 0 failed; 0 ignored; 0 measured; 0 filtered out; finished in 0.05s

Command: Gate B: T01 fixture_paths_integration regression
ExitCode: 0
StartedAt: 08/02/2026 19:16:25
EndedAt: 08/02/2026 19:19:02
DurationSec: 156.6702326
