 M README.md
?? .gitignore
?? evidence/gates/0/20260731-032833/REPORT.md
?? evidence/gates/0/20260731-032833/assertions.json
?? evidence/gates/0/20260731-032833/commands.ps1
?? evidence/gates/0/20260731-032833/environment.json
?? evidence/gates/0/20260731-032833/hashes.sha256
?? evidence/gates/0/20260731-032833/logs/sample-redacted-log.json
?? evidence/gates/0/20260731-112951/REPORT.md
?? evidence/gates/0/20260731-112951/assertions.json
?? evidence/gates/0/20260731-112951/commands.ps1
?? evidence/gates/0/20260731-112951/environment.json
?? evidence/gates/0/20260731-112951/hashes.sha256
?? evidence/gates/0/20260731-112951/tauri-empty-workbench.png
?? evidence/gates/0/20260731-132045/REPORT.md
?? evidence/gates/0/20260731-132045/assertions.json
?? evidence/gates/0/20260731-132045/commands.ps1
?? evidence/gates/0/20260731-132045/environment.json
?? evidence/gates/0/20260731-132045/hashes.sha256
?? evidence/gates/0/20260731-132045/logs/01-pnpm-install.log
?? evidence/gates/0/20260731-132045/logs/02-pnpm-typecheck.log
?? evidence/gates/0/20260731-132045/logs/03-pnpm-test.log
?? evidence/gates/0/20260731-132045/logs/04-pnpm-build.log
?? evidence/gates/0/20260731-132045/logs/05-cargo-test-workspace.log
?? evidence/gates/0/20260731-132045/logs/06-cargo-fmt-check.log
?? evidence/gates/0/20260731-132045/logs/07-fixture-paths-round-1.log
?? evidence/gates/0/20260731-132045/logs/07-fixture-paths-round-10.log
?? evidence/gates/0/20260731-132045/logs/07-fixture-paths-round-11.log
?? evidence/gates/0/20260731-132045/logs/07-fixture-paths-round-12.log
?? evidence/gates/0/20260731-132045/logs/07-fixture-paths-round-13.log
?? evidence/gates/0/20260731-132045/logs/07-fixture-paths-round-14.log
?? evidence/gates/0/20260731-132045/logs/07-fixture-paths-round-15.log
?? evidence/gates/0/20260731-132045/logs/07-fixture-paths-round-16.log
?? evidence/gates/0/20260731-132045/logs/07-fixture-paths-round-17.log
?? evidence/gates/0/20260731-132045/logs/07-fixture-paths-round-18.log
?? evidence/gates/0/20260731-132045/logs/07-fixture-paths-round-19.log
?? evidence/gates/0/20260731-132045/logs/07-fixture-paths-round-2.log
?? evidence/gates/0/20260731-132045/logs/07-fixture-paths-round-20.log
?? evidence/gates/0/20260731-132045/logs/07-fixture-paths-round-3.log
?? evidence/gates/0/20260731-132045/logs/07-fixture-paths-round-4.log
?? evidence/gates/0/20260731-132045/logs/07-fixture-paths-round-5.log
?? evidence/gates/0/20260731-132045/logs/07-fixture-paths-round-6.log
?? evidence/gates/0/20260731-132045/logs/07-fixture-paths-round-7.log
?? evidence/gates/0/20260731-132045/logs/07-fixture-paths-round-8.log
?? evidence/gates/0/20260731-132045/logs/07-fixture-paths-round-9.log
?? evidence/gates/0/20260731-132045/logs/07-fixture-paths-summary.txt
?? evidence/gates/0/20260731-132045/logs/08-tauri-build.log
?? evidence/gates/0/20260731-132045/logs/09-git-status.log
?? evidence/gates/0/20260731-132045/logs/10-clean-pnpm-install.log
?? evidence/gates/0/20260731-132045/logs/11-clean-pnpm-typecheck.log
?? evidence/gates/0/20260731-132045/logs/12-clean-pnpm-test.log
?? evidence/gates/0/20260731-132045/logs/13-clean-pnpm-build.log
?? evidence/gates/0/20260731-132045/logs/14-clean-cargo-test.log
?? evidence/gates/0/20260731-132045/logs/binary-hashes.txt
?? evidence/gates/0/20260731-132045/logs/sample-redacted-log.json
?? evidence/gates/0/20260731-132045/tauri-empty-workbench.png
?? evidence/gates/0/20260731-150000/commands.ps1
?? evidence/gates/0/20260731-150000/logs/00-transcript.log
?? evidence/gates/0/20260731-150000/logs/01-pnpm-install.log
?? evidence/gates/0/20260731-150000/logs/02-pnpm-typecheck.log
?? evidence/gates/0/20260731-150000/logs/03-pnpm-test.log
?? evidence/gates/0/20260731-150000/logs/04-pnpm-build.log
?? evidence/gates/0/20260731-150000/logs/05-cargo-test-workspace.log
?? evidence/gates/0/20260731-150000/logs/06-cargo-fmt-check.log
?? evidence/gates/0/20260731-150000/logs/07-fixture-paths-round-1.log
?? evidence/gates/0/20260731-150000/logs/07-fixture-paths-round-10.log
?? evidence/gates/0/20260731-150000/logs/07-fixture-paths-round-11.log
?? evidence/gates/0/20260731-150000/logs/07-fixture-paths-round-12.log
?? evidence/gates/0/20260731-150000/logs/07-fixture-paths-round-13.log
?? evidence/gates/0/20260731-150000/logs/07-fixture-paths-round-14.log
?? evidence/gates/0/20260731-150000/logs/07-fixture-paths-round-15.log
?? evidence/gates/0/20260731-150000/logs/07-fixture-paths-round-16.log
?? evidence/gates/0/20260731-150000/logs/07-fixture-paths-round-17.log
?? evidence/gates/0/20260731-150000/logs/07-fixture-paths-round-18.log
?? evidence/gates/0/20260731-150000/logs/07-fixture-paths-round-19.log
?? evidence/gates/0/20260731-150000/logs/07-fixture-paths-round-2.log
?? evidence/gates/0/20260731-150000/logs/07-fixture-paths-round-20.log
?? evidence/gates/0/20260731-150000/logs/07-fixture-paths-round-3.log
?? evidence/gates/0/20260731-150000/logs/07-fixture-paths-round-4.log
?? evidence/gates/0/20260731-150000/logs/07-fixture-paths-round-5.log
?? evidence/gates/0/20260731-150000/logs/07-fixture-paths-round-6.log
?? evidence/gates/0/20260731-150000/logs/07-fixture-paths-round-7.log
?? evidence/gates/0/20260731-150000/logs/07-fixture-paths-round-8.log
?? evidence/gates/0/20260731-150000/logs/07-fixture-paths-round-9.log
?? evidence/gates/0/20260731-150000/logs/07-fixture-paths-summary.txt
?? evidence/gates/0/20260731-150000/logs/08-tauri-build.log
?? evidence/gates/0/20260731-150000/logs/09-git-status.log
?? evidence/gates/0/20260731-150000/logs/binary-hashes.txt
?? evidence/gates/0/20260731-151132/commands.ps1
?? evidence/gates/0/20260731-151132/logs/00-transcript.log
?? evidence/gates/0/20260731-151132/logs/01-pnpm-install.log
?? evidence/gates/0/20260731-151132/logs/02-pnpm-typecheck.log
?? evidence/gates/0/20260731-151132/logs/03-pnpm-test.log
?? evidence/gates/0/20260731-151132/logs/04-pnpm-build.log
?? evidence/gates/0/20260731-151132/logs/05-cargo-test-workspace.log
?? evidence/gates/0/20260731-151132/logs/06-cargo-fmt-check.log
?? evidence/gates/0/20260731-151132/logs/07-fixture-paths-round-1.log
?? evidence/gates/0/20260731-151132/logs/07-fixture-paths-round-10.log
?? evidence/gates/0/20260731-151132/logs/07-fixture-paths-round-11.log
?? evidence/gates/0/20260731-151132/logs/07-fixture-paths-round-12.log
?? evidence/gates/0/20260731-151132/logs/07-fixture-paths-round-13.log
?? evidence/gates/0/20260731-151132/logs/07-fixture-paths-round-14.log
?? evidence/gates/0/20260731-151132/logs/07-fixture-paths-round-15.log
?? evidence/gates/0/20260731-151132/logs/07-fixture-paths-round-16.log
?? evidence/gates/0/20260731-151132/logs/07-fixture-paths-round-17.log
?? evidence/gates/0/20260731-151132/logs/07-fixture-paths-round-18.log
?? evidence/gates/0/20260731-151132/logs/07-fixture-paths-round-19.log
?? evidence/gates/0/20260731-151132/logs/07-fixture-paths-round-2.log
?? evidence/gates/0/20260731-151132/logs/07-fixture-paths-round-20.log
?? evidence/gates/0/20260731-151132/logs/07-fixture-paths-round-3.log
?? evidence/gates/0/20260731-151132/logs/07-fixture-paths-round-4.log
?? evidence/gates/0/20260731-151132/logs/07-fixture-paths-round-5.log
?? evidence/gates/0/20260731-151132/logs/07-fixture-paths-round-6.log
?? evidence/gates/0/20260731-151132/logs/07-fixture-paths-round-7.log
?? evidence/gates/0/20260731-151132/logs/07-fixture-paths-round-8.log
?? evidence/gates/0/20260731-151132/logs/07-fixture-paths-round-9.log
?? evidence/gates/0/20260731-151132/logs/07-fixture-paths-summary.txt
?? evidence/gates/0/20260731-151132/logs/08-tauri-build.log
?? evidence/gates/0/20260731-151132/logs/09-git-status.log
?? evidence/gates/0/20260731-151132/logs/binary-hashes.txt
?? evidence/gates/0/20260731-152143/commands.ps1
?? evidence/gates/0/20260731-152143/logs/00-transcript.log
?? evidence/gates/0/20260731-152143/logs/01-pnpm-install.log
?? evidence/gates/0/20260731-152143/logs/02-pnpm-typecheck.log
?? evidence/gates/0/20260731-152143/logs/03-pnpm-test.log
?? evidence/gates/0/20260731-152143/logs/04-pnpm-build.log
?? evidence/gates/0/20260731-152143/logs/05-cargo-test-workspace.log
?? evidence/gates/0/20260731-152143/logs/06-cargo-fmt-check.log
?? evidence/gates/0/20260731-152143/logs/07-fixture-paths-round-1.log
?? evidence/gates/0/20260731-152143/logs/07-fixture-paths-round-10.log
?? evidence/gates/0/20260731-152143/logs/07-fixture-paths-round-11.log
?? evidence/gates/0/20260731-152143/logs/07-fixture-paths-round-12.log
?? evidence/gates/0/20260731-152143/logs/07-fixture-paths-round-13.log
?? evidence/gates/0/20260731-152143/logs/07-fixture-paths-round-14.log
?? evidence/gates/0/20260731-152143/logs/07-fixture-paths-round-15.log
?? evidence/gates/0/20260731-152143/logs/07-fixture-paths-round-16.log
?? evidence/gates/0/20260731-152143/logs/07-fixture-paths-round-17.log
?? evidence/gates/0/20260731-152143/logs/07-fixture-paths-round-18.log
?? evidence/gates/0/20260731-152143/logs/07-fixture-paths-round-19.log
?? evidence/gates/0/20260731-152143/logs/07-fixture-paths-round-2.log
?? evidence/gates/0/20260731-152143/logs/07-fixture-paths-round-20.log
?? evidence/gates/0/20260731-152143/logs/07-fixture-paths-round-3.log
?? evidence/gates/0/20260731-152143/logs/07-fixture-paths-round-4.log
?? evidence/gates/0/20260731-152143/logs/07-fixture-paths-round-5.log
?? evidence/gates/0/20260731-152143/logs/07-fixture-paths-round-6.log
?? evidence/gates/0/20260731-152143/logs/07-fixture-paths-round-7.log
?? evidence/gates/0/20260731-152143/logs/07-fixture-paths-round-8.log
?? evidence/gates/0/20260731-152143/logs/07-fixture-paths-round-9.log
?? evidence/gates/0/20260731-152143/logs/07-fixture-paths-summary.txt
?? evidence/gates/0/20260731-152143/logs/08-tauri-build.log
?? evidence/gates/0/20260731-152143/logs/09-git-status.log
?? evidence/gates/0/20260731-152143/logs/10-clean-exclude-list.txt
?? evidence/gates/0/20260731-152143/logs/10-clean-verify-no-artifacts.txt
?? evidence/gates/0/20260731-152143/logs/binary-hashes.txt
?? evidence/gates/0/20260731-152143/tauri-empty-workbench.png
?? evidence/gates/0/20260731-152950/commands.ps1
?? evidence/gates/0/20260731-152950/logs/00-transcript.log
?? evidence/gates/0/20260731-152950/logs/01-pnpm-install.log
?? evidence/gates/0/20260731-152950/logs/02-pnpm-typecheck.log
?? evidence/gates/0/20260731-152950/logs/03-pnpm-test.log
?? evidence/gates/0/20260731-152950/logs/04-pnpm-build.log
?? evidence/gates/0/20260731-152950/logs/05-cargo-test-workspace.log
?? evidence/gates/0/20260731-152950/logs/06-cargo-fmt-check.log
?? evidence/gates/0/20260731-152950/logs/07-fixture-paths-round-1.log
?? evidence/gates/0/20260731-152950/logs/07-fixture-paths-round-10.log
?? evidence/gates/0/20260731-152950/logs/07-fixture-paths-round-11.log
?? evidence/gates/0/20260731-152950/logs/07-fixture-paths-round-12.log
?? evidence/gates/0/20260731-152950/logs/07-fixture-paths-round-13.log
?? evidence/gates/0/20260731-152950/logs/07-fixture-paths-round-14.log
?? evidence/gates/0/20260731-152950/logs/07-fixture-paths-round-15.log
?? evidence/gates/0/20260731-152950/logs/07-fixture-paths-round-16.log
?? evidence/gates/0/20260731-152950/logs/07-fixture-paths-round-17.log
?? evidence/gates/0/20260731-152950/logs/07-fixture-paths-round-18.log
?? evidence/gates/0/20260731-152950/logs/07-fixture-paths-round-19.log
?? evidence/gates/0/20260731-152950/logs/07-fixture-paths-round-2.log
?? evidence/gates/0/20260731-152950/logs/07-fixture-paths-round-20.log
?? evidence/gates/0/20260731-152950/logs/07-fixture-paths-round-3.log
?? evidence/gates/0/20260731-152950/logs/07-fixture-paths-round-4.log
?? evidence/gates/0/20260731-152950/logs/07-fixture-paths-round-5.log
?? evidence/gates/0/20260731-152950/logs/07-fixture-paths-round-6.log
?? evidence/gates/0/20260731-152950/logs/07-fixture-paths-round-7.log
?? evidence/gates/0/20260731-152950/logs/07-fixture-paths-round-8.log
?? evidence/gates/0/20260731-152950/logs/07-fixture-paths-round-9.log
?? evidence/gates/0/20260731-152950/logs/07-fixture-paths-summary.txt
?? evidence/gates/0/20260731-152950/logs/08-tauri-build.log
?? evidence/gates/0/20260731-152950/logs/09-git-status.log
?? evidence/gates/0/20260731-152950/logs/10-clean-exclude-list.txt
?? evidence/gates/0/20260731-152950/logs/10-clean-verify-no-artifacts.txt
?? evidence/gates/0/20260731-152950/logs/11-clean-pnpm-install.log
?? evidence/gates/0/20260731-152950/logs/binary-hashes.txt
?? evidence/gates/0/20260731-152950/tauri-empty-workbench.png
?? evidence/gates/0/20260731-154907/commands.ps1
?? evidence/gates/0/20260731-154907/logs/00-transcript.log
?? evidence/gates/0/20260731-154907/logs/01-pnpm-install.log
?? evidence/gates/0/20260731-154907/logs/02-pnpm-typecheck.log
?? evidence/gates/0/20260731-154907/logs/03-pnpm-test.log
?? evidence/gates/0/20260731-154907/logs/04-pnpm-build.log
?? evidence/gates/0/20260731-154907/logs/05-cargo-test-workspace.log
?? evidence/gates/0/20260731-154907/logs/06-cargo-fmt-check.log
?? evidence/gates/0/20260731-154907/logs/07-fixture-paths-round-1.log
?? evidence/gates/0/20260731-154907/logs/07-fixture-paths-round-10.log
?? evidence/gates/0/20260731-154907/logs/07-fixture-paths-round-11.log
?? evidence/gates/0/20260731-154907/logs/07-fixture-paths-round-12.log
?? evidence/gates/0/20260731-154907/logs/07-fixture-paths-round-13.log
?? evidence/gates/0/20260731-154907/logs/07-fixture-paths-round-14.log
?? evidence/gates/0/20260731-154907/logs/07-fixture-paths-round-15.log
?? evidence/gates/0/20260731-154907/logs/07-fixture-paths-round-16.log
?? evidence/gates/0/20260731-154907/logs/07-fixture-paths-round-17.log
?? evidence/gates/0/20260731-154907/logs/07-fixture-paths-round-18.log
?? evidence/gates/0/20260731-154907/logs/07-fixture-paths-round-19.log
?? evidence/gates/0/20260731-154907/logs/07-fixture-paths-round-2.log
?? evidence/gates/0/20260731-154907/logs/07-fixture-paths-round-20.log
?? evidence/gates/0/20260731-154907/logs/07-fixture-paths-round-3.log
?? evidence/gates/0/20260731-154907/logs/07-fixture-paths-round-4.log
?? evidence/gates/0/20260731-154907/logs/07-fixture-paths-round-5.log
?? evidence/gates/0/20260731-154907/logs/07-fixture-paths-round-6.log
?? evidence/gates/0/20260731-154907/logs/07-fixture-paths-round-7.log
?? evidence/gates/0/20260731-154907/logs/07-fixture-paths-round-8.log
?? evidence/gates/0/20260731-154907/logs/07-fixture-paths-round-9.log
?? evidence/gates/0/20260731-154907/logs/07-fixture-paths-summary.txt
?? evidence/gates/0/20260731-154907/logs/08-tauri-build.log
?? evidence/gates/0/20260731-154907/logs/09-git-status.log
?? evidence/gates/0/20260731-154907/logs/10-clean-exclude-list.txt
?? evidence/gates/0/20260731-154907/logs/10-clean-verify-no-artifacts.txt
?? evidence/gates/0/20260731-154907/logs/11-clean-pnpm-install.log
?? evidence/gates/0/20260731-154907/logs/12-clean-pnpm-typecheck.log
?? evidence/gates/0/20260731-154907/logs/13-clean-pnpm-test.log
?? evidence/gates/0/20260731-154907/logs/14-clean-pnpm-build.log
?? evidence/gates/0/20260731-154907/logs/15-clean-cargo-test.log
?? evidence/gates/0/20260731-154907/logs/16-clean-cargo-fmt.log
?? evidence/gates/0/20260731-154907/logs/binary-hashes.txt
?? evidence/gates/0/20260731-154907/logs/sample-redacted-log.json
?? evidence/gates/0/20260731-154907/tauri-empty-workbench.png
?? evidence/gates/0/20260731-160919/REPORT.md
?? evidence/gates/0/20260731-160919/assertions.json
?? evidence/gates/0/20260731-160919/commands.ps1
?? evidence/gates/0/20260731-160919/environment.json
?? evidence/gates/0/20260731-160919/hashes.sha256
?? evidence/gates/0/20260731-160919/logs/00-transcript.log
?? evidence/gates/0/20260731-160919/logs/01-pnpm-install.log
?? evidence/gates/0/20260731-160919/logs/02-pnpm-typecheck.log
?? evidence/gates/0/20260731-160919/logs/03-pnpm-test.log
?? evidence/gates/0/20260731-160919/logs/04-pnpm-build.log
?? evidence/gates/0/20260731-160919/logs/05-cargo-test-workspace.log
?? evidence/gates/0/20260731-160919/logs/06-cargo-fmt-check.log
?? evidence/gates/0/20260731-160919/logs/07-fixture-paths-round-1.log
?? evidence/gates/0/20260731-160919/logs/07-fixture-paths-round-10.log
?? evidence/gates/0/20260731-160919/logs/07-fixture-paths-round-11.log
?? evidence/gates/0/20260731-160919/logs/07-fixture-paths-round-12.log
?? evidence/gates/0/20260731-160919/logs/07-fixture-paths-round-13.log
?? evidence/gates/0/20260731-160919/logs/07-fixture-paths-round-14.log
?? evidence/gates/0/20260731-160919/logs/07-fixture-paths-round-15.log
?? evidence/gates/0/20260731-160919/logs/07-fixture-paths-round-16.log
?? evidence/gates/0/20260731-160919/logs/07-fixture-paths-round-17.log
?? evidence/gates/0/20260731-160919/logs/07-fixture-paths-round-18.log
?? evidence/gates/0/20260731-160919/logs/07-fixture-paths-round-19.log
?? evidence/gates/0/20260731-160919/logs/07-fixture-paths-round-2.log
?? evidence/gates/0/20260731-160919/logs/07-fixture-paths-round-20.log
?? evidence/gates/0/20260731-160919/logs/07-fixture-paths-round-3.log
?? evidence/gates/0/20260731-160919/logs/07-fixture-paths-round-4.log
?? evidence/gates/0/20260731-160919/logs/07-fixture-paths-round-5.log
?? evidence/gates/0/20260731-160919/logs/07-fixture-paths-round-6.log
?? evidence/gates/0/20260731-160919/logs/07-fixture-paths-round-7.log
?? evidence/gates/0/20260731-160919/logs/07-fixture-paths-round-8.log
?? evidence/gates/0/20260731-160919/logs/07-fixture-paths-round-9.log
?? evidence/gates/0/20260731-160919/logs/07-fixture-paths-summary.txt
?? evidence/gates/0/20260731-160919/logs/08-tauri-build.log
?? evidence/gates/0/20260731-160919/logs/09-git-status.log
?? evidence/gates/0/20260731-160919/logs/10-clean-exclude-list.txt
?? evidence/gates/0/20260731-160919/logs/10-clean-verify-no-artifacts.txt
?? evidence/gates/0/20260731-160919/logs/11-clean-pnpm-install.log
?? evidence/gates/0/20260731-160919/logs/12-clean-pnpm-typecheck.log
?? evidence/gates/0/20260731-160919/logs/13-clean-pnpm-test.log
?? evidence/gates/0/20260731-160919/logs/14-clean-pnpm-build.log
?? evidence/gates/0/20260731-160919/logs/15-clean-cargo-test.log
?? evidence/gates/0/20260731-160919/logs/16-clean-cargo-fmt.log
?? evidence/gates/0/20260731-160919/logs/binary-hashes.txt
?? evidence/gates/0/20260731-160919/logs/sample-redacted-log.json
?? evidence/gates/0/20260731-160919/tauri-empty-workbench.png
?? evidence/gates/0/20260731-180000/REPORT.md
?? evidence/gates/0/20260731-180000/assertions.json
?? evidence/gates/0/20260731-180000/commands.ps1
?? evidence/gates/0/20260731-180000/environment.json
?? evidence/gates/0/20260731-180000/hashes.sha256
?? evidence/gates/0/20260731-180000/logs/00-transcript.log
?? evidence/gates/0/20260731-180000/logs/01-pnpm-install.log
?? evidence/gates/0/20260731-180000/logs/02-pnpm-typecheck.log
?? evidence/gates/0/20260731-180000/logs/03-pnpm-test.log
?? evidence/gates/0/20260731-180000/logs/04-pnpm-build.log
?? evidence/gates/0/20260731-180000/logs/05-cargo-test-workspace.log
?? evidence/gates/0/20260731-180000/logs/06-cargo-fmt-check.log
?? evidence/gates/0/20260731-180000/logs/07-fixture-paths-round-1.log
?? evidence/gates/0/20260731-180000/logs/07-fixture-paths-round-10.log
?? evidence/gates/0/20260731-180000/logs/07-fixture-paths-round-11.log
?? evidence/gates/0/20260731-180000/logs/07-fixture-paths-round-12.log
?? evidence/gates/0/20260731-180000/logs/07-fixture-paths-round-13.log
?? evidence/gates/0/20260731-180000/logs/07-fixture-paths-round-14.log
?? evidence/gates/0/20260731-180000/logs/07-fixture-paths-round-15.log
?? evidence/gates/0/20260731-180000/logs/07-fixture-paths-round-16.log
?? evidence/gates/0/20260731-180000/logs/07-fixture-paths-round-17.log
?? evidence/gates/0/20260731-180000/logs/07-fixture-paths-round-18.log
?? evidence/gates/0/20260731-180000/logs/07-fixture-paths-round-19.log
?? evidence/gates/0/20260731-180000/logs/07-fixture-paths-round-2.log
?? evidence/gates/0/20260731-180000/logs/07-fixture-paths-round-20.log
?? evidence/gates/0/20260731-180000/logs/07-fixture-paths-round-3.log
?? evidence/gates/0/20260731-180000/logs/07-fixture-paths-round-4.log
?? evidence/gates/0/20260731-180000/logs/07-fixture-paths-round-5.log
?? evidence/gates/0/20260731-180000/logs/07-fixture-paths-round-6.log
?? evidence/gates/0/20260731-180000/logs/07-fixture-paths-round-7.log
?? evidence/gates/0/20260731-180000/logs/07-fixture-paths-round-8.log
?? evidence/gates/0/20260731-180000/logs/07-fixture-paths-round-9.log
?? evidence/gates/0/20260731-180000/logs/07-fixture-paths-summary.txt
?? evidence/gates/0/20260731-180000/logs/08-tauri-build.log
?? evidence/gates/0/20260731-180000/logs/09-git-status.log
?? evidence/gates/0/20260731-180000/logs/10-clean-exclude-list.txt
?? evidence/gates/0/20260731-180000/logs/10-clean-verify-no-artifacts.txt
?? evidence/gates/0/20260731-180000/logs/11-clean-pnpm-install.log
?? evidence/gates/0/20260731-180000/logs/12-clean-pnpm-typecheck.log
?? evidence/gates/0/20260731-180000/logs/13-clean-pnpm-test.log
?? evidence/gates/0/20260731-180000/logs/14-clean-pnpm-build.log
?? evidence/gates/0/20260731-180000/logs/15-clean-cargo-test.log
?? evidence/gates/0/20260731-180000/logs/16-clean-cargo-fmt.log
?? evidence/gates/0/20260731-180000/logs/binary-hashes.txt
?? evidence/gates/0/20260731-180000/logs/sample-redacted-log.json
?? evidence/gates/0/20260731-180000/tauri-empty-workbench.png
?? evidence/gates/0/20260731-200000/REPORT.md
?? evidence/gates/0/20260731-200000/assertions.json
?? evidence/gates/0/20260731-200000/commands.ps1
?? evidence/gates/0/20260731-200000/environment.json
?? evidence/gates/0/20260731-200000/hashes.sha256
?? evidence/gates/0/20260731-200000/logs/00-transcript.log
?? evidence/gates/0/20260731-200000/logs/01-pnpm-install.log
?? evidence/gates/0/20260731-200000/logs/02-pnpm-typecheck.log
?? evidence/gates/0/20260731-200000/logs/03-pnpm-test.log
?? evidence/gates/0/20260731-200000/logs/04-pnpm-build.log
?? evidence/gates/0/20260731-200000/logs/05-cargo-test-workspace.log
?? evidence/gates/0/20260731-200000/logs/06-cargo-fmt-check.log
?? evidence/gates/0/20260731-200000/logs/07-fixture-paths-round-1.log
?? evidence/gates/0/20260731-200000/logs/07-fixture-paths-round-10.log
?? evidence/gates/0/20260731-200000/logs/07-fixture-paths-round-11.log
?? evidence/gates/0/20260731-200000/logs/07-fixture-paths-round-12.log
?? evidence/gates/0/20260731-200000/logs/07-fixture-paths-round-13.log
?? evidence/gates/0/20260731-200000/logs/07-fixture-paths-round-14.log
?? evidence/gates/0/20260731-200000/logs/07-fixture-paths-round-15.log
?? evidence/gates/0/20260731-200000/logs/07-fixture-paths-round-16.log
?? evidence/gates/0/20260731-200000/logs/07-fixture-paths-round-17.log
?? evidence/gates/0/20260731-200000/logs/07-fixture-paths-round-18.log
?? evidence/gates/0/20260731-200000/logs/07-fixture-paths-round-19.log
?? evidence/gates/0/20260731-200000/logs/07-fixture-paths-round-2.log
?? evidence/gates/0/20260731-200000/logs/07-fixture-paths-round-20.log
?? evidence/gates/0/20260731-200000/logs/07-fixture-paths-round-3.log
?? evidence/gates/0/20260731-200000/logs/07-fixture-paths-round-4.log
?? evidence/gates/0/20260731-200000/logs/07-fixture-paths-round-5.log
?? evidence/gates/0/20260731-200000/logs/07-fixture-paths-round-6.log
?? evidence/gates/0/20260731-200000/logs/07-fixture-paths-round-7.log
?? evidence/gates/0/20260731-200000/logs/07-fixture-paths-round-8.log
?? evidence/gates/0/20260731-200000/logs/07-fixture-paths-round-9.log
?? evidence/gates/0/20260731-200000/logs/07-fixture-paths-summary.txt
?? evidence/gates/0/20260731-200000/logs/08-tauri-build.log
?? evidence/gates/0/20260731-200000/logs/09-git-status.log
?? evidence/gates/0/20260731-200000/logs/10-clean-exclude-list.txt
?? evidence/gates/0/20260731-200000/logs/10-clean-verify-no-artifacts.txt
?? evidence/gates/0/20260731-200000/logs/11-clean-pnpm-install.log
?? evidence/gates/0/20260731-200000/logs/12-clean-pnpm-typecheck.log
?? evidence/gates/0/20260731-200000/logs/13-clean-pnpm-test.log
?? evidence/gates/0/20260731-200000/logs/14-clean-pnpm-build.log
?? evidence/gates/0/20260731-200000/logs/15-clean-cargo-test.log
?? evidence/gates/0/20260731-200000/logs/16-clean-cargo-fmt.log
?? evidence/gates/0/20260731-200000/logs/17-screenshot-pixel-assert.txt
?? evidence/gates/0/20260731-200000/logs/binary-hashes.txt
?? evidence/gates/0/20260731-200000/logs/sample-redacted-log.json
?? evidence/gates/0/20260731-200000/tauri-empty-workbench.png
?? evidence/gates/0/20260731-210000/REPORT.md
?? evidence/gates/0/20260731-210000/assertions.json
?? evidence/gates/0/20260731-210000/commands.ps1
?? evidence/gates/0/20260731-210000/environment.json
?? evidence/gates/0/20260731-210000/hashes.sha256
?? evidence/gates/0/20260731-210000/logs/00-transcript.log
?? evidence/gates/0/20260731-210000/logs/01-pnpm-install.log
?? evidence/gates/0/20260731-210000/logs/02-pnpm-typecheck.log
?? evidence/gates/0/20260731-210000/logs/03-pnpm-test.log
?? evidence/gates/0/20260731-210000/logs/04-pnpm-build.log
?? evidence/gates/0/20260731-210000/logs/05-cargo-test-workspace.log
?? evidence/gates/0/20260731-210000/logs/06-cargo-fmt-check.log
?? evidence/gates/0/20260731-210000/logs/07-fixture-paths-round-1.log
?? evidence/gates/0/20260731-210000/logs/07-fixture-paths-round-10.log
?? evidence/gates/0/20260731-210000/logs/07-fixture-paths-round-11.log
?? evidence/gates/0/20260731-210000/logs/07-fixture-paths-round-12.log
?? evidence/gates/0/20260731-210000/logs/07-fixture-paths-round-13.log
?? evidence/gates/0/20260731-210000/logs/07-fixture-paths-round-14.log
?? evidence/gates/0/20260731-210000/logs/07-fixture-paths-round-15.log
?? evidence/gates/0/20260731-210000/logs/07-fixture-paths-round-16.log
?? evidence/gates/0/20260731-210000/logs/07-fixture-paths-round-17.log
?? evidence/gates/0/20260731-210000/logs/07-fixture-paths-round-18.log
?? evidence/gates/0/20260731-210000/logs/07-fixture-paths-round-19.log
?? evidence/gates/0/20260731-210000/logs/07-fixture-paths-round-2.log
?? evidence/gates/0/20260731-210000/logs/07-fixture-paths-round-20.log
?? evidence/gates/0/20260731-210000/logs/07-fixture-paths-round-3.log
?? evidence/gates/0/20260731-210000/logs/07-fixture-paths-round-4.log
?? evidence/gates/0/20260731-210000/logs/07-fixture-paths-round-5.log
?? evidence/gates/0/20260731-210000/logs/07-fixture-paths-round-6.log
?? evidence/gates/0/20260731-210000/logs/07-fixture-paths-round-7.log
?? evidence/gates/0/20260731-210000/logs/07-fixture-paths-round-8.log
?? evidence/gates/0/20260731-210000/logs/07-fixture-paths-round-9.log
?? evidence/gates/0/20260731-210000/logs/07-fixture-paths-summary.txt
?? evidence/gates/0/20260731-210000/logs/08-tauri-build.log
?? evidence/gates/0/20260731-210000/logs/09-git-status.log
?? evidence/gates/0/20260731-210000/logs/10-clean-exclude-list.txt
?? evidence/gates/0/20260731-210000/logs/10-clean-verify-no-artifacts.txt
?? evidence/gates/0/20260731-210000/logs/11-clean-pnpm-install.log
?? evidence/gates/0/20260731-210000/logs/12-clean-pnpm-typecheck.log
?? evidence/gates/0/20260731-210000/logs/13-clean-pnpm-test.log
?? evidence/gates/0/20260731-210000/logs/14-clean-pnpm-build.log
?? evidence/gates/0/20260731-210000/logs/15-clean-cargo-test.log
?? evidence/gates/0/20260731-210000/logs/16-clean-cargo-fmt.log
?? evidence/gates/0/20260731-210000/logs/17-screenshot-pixel-assert.txt
?? evidence/gates/0/20260731-210000/logs/binary-hashes.txt
?? evidence/gates/0/20260731-210000/logs/sample-redacted-log.json
?? evidence/gates/0/20260731-210000/tauri-empty-workbench.png
?? evidence/gates/0/20260731-233000/commands.ps1
?? evidence/gates/0/20260731-233000/logs/00-transcript.log
?? evidence/gates/0/20260731-233000/logs/01-pnpm-install.log
?? evidence/gates/0/20260731-233000/logs/02-pnpm-typecheck.log
?? evidence/gates/0/20260731-233000/logs/03-pnpm-test.log
?? evidence/gates/0/20260731-233000/logs/04-pnpm-build.log
?? evidence/gates/0/20260731-233000/logs/05-cargo-test-workspace.log
?? evidence/gates/0/20260731-233000/logs/06-cargo-fmt-check.log
?? evidence/gates/0/20260731-233000/logs/07-fixture-paths-round-1.log
?? evidence/gates/0/20260731-233000/logs/07-fixture-paths-round-10.log
?? evidence/gates/0/20260731-233000/logs/07-fixture-paths-round-11.log
?? evidence/gates/0/20260731-233000/logs/07-fixture-paths-round-12.log
?? evidence/gates/0/20260731-233000/logs/07-fixture-paths-round-13.log
?? evidence/gates/0/20260731-233000/logs/07-fixture-paths-round-14.log
?? evidence/gates/0/20260731-233000/logs/07-fixture-paths-round-15.log
?? evidence/gates/0/20260731-233000/logs/07-fixture-paths-round-16.log
?? evidence/gates/0/20260731-233000/logs/07-fixture-paths-round-17.log
?? evidence/gates/0/20260731-233000/logs/07-fixture-paths-round-18.log
?? evidence/gates/0/20260731-233000/logs/07-fixture-paths-round-19.log
?? evidence/gates/0/20260731-233000/logs/07-fixture-paths-round-2.log
?? evidence/gates/0/20260731-233000/logs/07-fixture-paths-round-20.log
?? evidence/gates/0/20260731-233000/logs/07-fixture-paths-round-3.log
?? evidence/gates/0/20260731-233000/logs/07-fixture-paths-round-4.log
?? evidence/gates/0/20260731-233000/logs/07-fixture-paths-round-5.log
?? evidence/gates/0/20260731-233000/logs/07-fixture-paths-round-6.log
?? evidence/gates/0/20260731-233000/logs/07-fixture-paths-round-7.log
?? evidence/gates/0/20260731-233000/logs/07-fixture-paths-round-8.log
?? evidence/gates/0/20260731-233000/logs/07-fixture-paths-round-9.log
?? evidence/gates/0/20260731-233000/logs/07-fixture-paths-summary.txt
?? evidence/gates/0/20260731-233000/logs/08-tauri-build.log
?? index.html
?? package.json
?? pnpm-lock.yaml
?? src-tauri/Cargo.lock
?? src-tauri/Cargo.toml
?? src-tauri/build.rs
?? src-tauri/capabilities/default.json
?? src-tauri/crates/application/Cargo.toml
?? src-tauri/crates/application/src/lib.rs
?? src-tauri/crates/commands/Cargo.toml
?? src-tauri/crates/commands/src/lib.rs
?? src-tauri/crates/domain/Cargo.toml
?? src-tauri/crates/domain/src/lib.rs
?? src-tauri/crates/infrastructure/Cargo.toml
?? src-tauri/crates/infrastructure/src/fixture_paths.rs
?? src-tauri/crates/infrastructure/src/lib.rs
?? src-tauri/crates/infrastructure/src/logging.rs
?? src-tauri/crates/infrastructure/src/workspace.rs
?? src-tauri/crates/ports/Cargo.toml
?? src-tauri/crates/ports/src/lib.rs
?? src-tauri/icons/128x128.png
?? src-tauri/icons/128x128@2x.png
?? src-tauri/icons/32x32.png
?? src-tauri/icons/icon.ico
?? src-tauri/src/lib.rs
?? src-tauri/src/main.rs
?? src-tauri/tauri.conf.json
?? src-tauri/tests/compile_fail.rs
?? src-tauri/tests/dependency_direction.rs
?? src-tauri/tests/fixture_paths_integration.rs
?? src-tauri/tests/logging_integration.rs
?? src-tauri/tests/ui/log_event_no_deserialize.rs
?? src-tauri/tests/ui/log_event_no_deserialize.stderr
?? src-tauri/tests/ui/log_event_no_direct_construction.rs
?? src-tauri/tests/ui/log_event_no_direct_construction.stderr
?? src-tauri/tests/ui/operation_id_no_direct_construction.rs
?? src-tauri/tests/ui/operation_id_no_direct_construction.stderr
?? src-tauri/tests/ui/operation_id_no_from_validated.rs
?? src-tauri/tests/ui/operation_id_no_from_validated.stderr
?? src/App.tsx
?? src/components/HistoryWorkbench.tsx
?? src/components/OperationsPanel.tsx
?? src/components/SettingsPanel.tsx
?? src/components/TitleBar.tsx
?? src/main.tsx
?? src/styles.css
?? src/types/workspace.ts
?? tests/App.test.tsx
?? tests/setup.ts
?? tsconfig.app.json
?? tsconfig.json
?? tsconfig.node.json
?? vite.config.ts
?? vitest.config.ts
Command: git status
ExitCode: 0
StartedAt: 08/01/2026 00:28:01
EndedAt: 08/01/2026 00:28:01
