Lockfile is up to date, resolution step is skipped
Progress: resolved 1, reused 0, downloaded 0, added 0
Packages: +184
++++++++++++++++++++++++++++++++++++++++++++++++++++++++++++++++++++++++++++++++
Progress: resolved 184, reused 184, downloaded 0, added 12
Progress: resolved 184, reused 184, downloaded 0, added 64
Progress: resolved 184, reused 184, downloaded 0, added 134
Progress: resolved 184, reused 184, downloaded 0, added 182
Progress: resolved 184, reused 184, downloaded 0, added 184, done

dependencies:
+ @tauri-apps/api 2.11.1
+ @tauri-apps/plugin-log 2.9.0
+ react 18.3.1
+ react-dom 18.3.1

devDependencies:
+ @tauri-apps/cli 2.11.4
+ @testing-library/jest-dom 6.10.0
+ @testing-library/react 16.3.2
+ @types/react 18.3.31
+ @types/react-dom 18.3.7
+ @vitejs/plugin-react 4.7.0
+ jsdom 24.1.3
+ typescript 5.9.3
+ vite 5.4.21
+ vitest 2.1.9

Done in 6.4s using pnpm v9.15.9
Command: Clean: pnpm install
ExitCode: 0
StartedAt: 08/01/2026 00:28:13
EndedAt: 08/01/2026 00:28:19
DurationSec: 6.6826012
